// Jest Snapshot v1, https://goo.gl/fbAQLP

exports[`UserConfirm component Render Correctly 1`] = `
<section
  className="mainSection"
>
  <section
    className="formSection"
  >
    <h2>
      Please review your information and click submit to continue !
    </h2>
    <section>
      <article>
        <h4>
          Name
        </h4>
        <p />
      </article>
      <article>
        <h4>
          Email
        </h4>
        <p />
      </article>
      <article>
        <h4>
          Role
        </h4>
        <p />
      </article>
      <article>
        <h4>
          Updates from Tray.io ?
        </h4>
        <p>
          No, I do not wat to receive Updates
        </p>
      </article>
      <article>
        <h4>
          Do you want to receive communicational emails from Tray.io ?
        </h4>
        <p>
          No, I do not want to receive communicational emails from Tray.io
        </p>
      </article>
    </section>
    <button
      className="btn btn-back"
      onClick={[Function]}
    >
      Back
    </button>
    <button
      className="btn"
      onClick={[Function]}
    >
      Continue & Confirm
    </button>
  </section>
</section>
`;
